4_fast_kha	kha-dictionary													0.00s
4_fast_kha	kha-textbooks													0.00s
4_fast_kha	kha-dictionary													0.00s
4_fast_kha	kha-textbooks													0.00s
4_fast_kha	kha-dictionary													0.00s
4_fast_kha	kha-textbooks													0.00s
4_fast_kha	kha-dictionary													0.00s
4_fast_kha	kha-textbooks													0.00s
4_fast_kha	kha-dictionary													0.00s
4_fast_kha	kha-textbooks													0.00s
4_fast_kha	kha-dictionary													0.00s
4_fast_kha	kha-textbooks													0.00s
4_fast_kha	kha-dictionary													0.00s
4_fast_kha	kha-textbooks													0.00s
4_fast_kha	kha-dictionary													0.00s
4_fast_kha	kha-textbooks													0.00s
4_fast_kha	kha-dictionary													0.00s
4_fast_kha	kha-textbooks													0.00s
4_fast_kha	kha-dictionary	27402		24.46%		3638		45.00%		2477		38.66		266.97s
4_fast_kha	kha-textbooks	792		95.70%		450		88.10%		373		79.37		124.11s
4_fast_kha	kha-dictionary	27337		24.64%		3602		45.54%		2430		39.82		233.38s
4_fast_kha	kha-textbooks	792		95.70%		450		88.10%		373		79.37		119.87s
