4_best_int_Latin	kha-dictionary													0.00s
4_best_int_Latin	kha-textbooks													0.00s
4_best_Latin	kha-dictionary													0.00s
4_best_Latin	kha-textbooks													0.00s
4_best_int_Latin	kha-dictionary													0.00s
4_best_int_Latin	kha-textbooks													0.00s
4_best_Latin	kha-dictionary													0.00s
4_best_Latin	kha-textbooks													0.00s
4_best_int_Latin	kha-dictionary													0.00s
4_best_int_Latin	kha-textbooks													0.00s
4_best_Latin	kha-dictionary													0.00s
4_best_Latin	kha-textbooks													0.00s
4_best_int_Latin	kha-dictionary													0.00s
4_best_int_Latin	kha-textbooks													0.00s
4_best_Latin	kha-dictionary													0.00s
4_best_Latin	kha-textbooks													0.00s
4_best_int_Latin	kha-dictionary													0.00s
4_best_int_Latin	kha-textbooks													0.00s
4_best_Latin	kha-dictionary													0.00s
4_best_Latin	kha-textbooks													0.00s
4_best_int_Latin	kha-dictionary													0.00s
4_best_int_Latin	kha-textbooks													0.00s
4_best_Latin	kha-dictionary													0.00s
4_best_Latin	kha-textbooks													0.00s
4_best_int_Latin	kha-dictionary													0.00s
4_best_int_Latin	kha-textbooks													0.00s
4_best_Latin	kha-dictionary													0.00s
4_best_Latin	kha-textbooks													0.00s
4_best_int_Latin	kha-dictionary													0.00s
4_best_int_Latin	kha-textbooks													0.00s
4_best_Latin	kha-dictionary													0.00s
4_best_Latin	kha-textbooks													0.00s
4_fast_Latin	kha-dictionary													0.00s
4_fast_Latin	kha-textbooks													0.00s
4_best_int_Latin	kha-dictionary													0.00s
4_best_int_Latin	kha-textbooks													0.00s
4_best_Latin	kha-dictionary													0.00s
4_best_Latin	kha-textbooks													0.00s
4_fast_Latin	kha-dictionary													310.78s
4_fast_Latin	kha-textbooks													134.13s
4_best_int_Latin	kha-dictionary													413.00s
4_best_int_Latin	kha-textbooks													197.94s
4_best_Latin	kha-dictionary	27052		25.43%		3232		51.13%		2108		47.80		1162.20s
4_best_Latin	kha-textbooks	141		99.24%		21		99.44%		20		98.89		524.73s
4_fast_Latin	kha-dictionary													153.97s
4_fast_Latin	kha-textbooks													0.00s
4_fast_Latin	kha-dictionary													12.76s
4_fast_Latin	kha-textbooks													0.00s
4_fast_Latin	kha-dictionary	27165		25.11%		3365		49.12%		2217		45.10		274.87s
4_fast_Latin	kha-textbooks	412		97.77%		207		94.52%		173		90.43		131.12s
4_best_int_Latin	kha-dictionary	27097		25.30%		3298		50.14%		2160		46.51		377.62s
4_best_int_Latin	kha-textbooks	185		99.00%		55		98.54%		48		97.35		182.25s
4_best_Latin	kha-dictionary	27074		25.36%		3283		50.36%		2148		46.81		1453.41s
4_best_Latin	kha-textbooks	141		99.24%		21		99.44%		20		98.89		781.04s
